00:00 +0: loading /mnt/workspace/searvo/test/features/search/models/search_provider_config_test.dart                                                                                                   00:01 +0: loading /mnt/workspace/searvo/test/features/search/models/search_provider_config_test.dart                                                                                                   00:02 +0: loading /mnt/workspace/searvo/test/features/search/models/search_provider_config_test.dart                                                                                                   00:03 +0: loading /mnt/workspace/searvo/test/features/search/models/search_provider_config_test.dart                                                                                                   00:03 +0: /mnt/workspace/searvo/test/features/search/models/search_provider_config_test.dart: SearchProviderConfig Tests should create SearchProviderConfig with required fields                       00:03 +1: /mnt/workspace/searvo/test/features/search/models/search_provider_config_test.dart: SearchProviderConfig Tests should create SearchProviderConfig with required fields                       00:03 +1: /mnt/workspace/searvo/test/features/search/models/search_provider_config_test.dart: SearchProviderConfig Tests should create SearchProviderConfig with all fields                            00:03 +2: /mnt/workspace/searvo/test/features/search/models/search_provider_config_test.dart: SearchProviderConfig Tests should create SearchProviderConfig with all fields                            00:03 +2: /mnt/workspace/searvo/test/features/search/models/search_provider_config_test.dart: SearchProviderConfig Tests factory searxng should create SearXNG config with defaults                    00:03 +3: /mnt/workspace/searvo/test/features/search/models/search_provider_config_test.dart: SearchProviderConfig Tests factory searxng should create SearXNG config with defaults                    00:03 +3: /mnt/workspace/searvo/test/features/search/models/search_provider_config_test.dart: SearchProviderConfig Tests factory searxng should create SearXNG config with custom timeout              00:03 +4: /mnt/workspace/searvo/test/features/search/models/search_provider_config_test.dart: SearchProviderConfig Tests factory searxng should create SearXNG config with custom timeout              00:03 +4: /mnt/workspace/searvo/test/features/search/models/search_provider_config_test.dart: SearchProviderConfig Tests factory searxng should create SearXNG config with enabled false               00:03 +5: /mnt/workspace/searvo/test/features/search/models/search_provider_config_test.dart: SearchProviderConfig Tests factory searxng should create SearXNG config with enabled false               00:03 +5: /mnt/workspace/searvo/test/features/search/models/search_provider_config_test.dart: SearchProviderConfig Tests toMap should convert to map correctly                                         00:03 +6: /mnt/workspace/searvo/test/features/search/models/search_provider_config_test.dart: SearchProviderConfig Tests toMap should convert to map correctly                                         00:03 +6: /mnt/workspace/searvo/test/features/search/models/search_provider_config_test.dart: SearchProviderConfig Tests fromMap should create from map correctly                                      00:03 +7: /mnt/workspace/searvo/test/features/search/models/search_provider_config_test.dart: SearchProviderConfig Tests fromMap should create from map correctly                                      00:03 +7: /mnt/workspace/searvo/test/features/search/models/search_provider_config_test.dart: SearchProviderConfig Tests fromMap should handle missing fields with defaults                            00:03 +8: /mnt/workspace/searvo/test/features/search/models/search_provider_config_test.dart: SearchProviderConfig Tests fromMap should handle missing fields with defaults                            00:03 +8: /mnt/workspace/searvo/test/features/search/models/search_provider_config_test.dart: SearchProviderConfig Tests copyWith should return new config with updated name                           00:03 +9: /mnt/workspace/searvo/test/features/search/models/search_provider_config_test.dart: SearchProviderConfig Tests copyWith should return new config with updated name                           00:03 +9: /mnt/workspace/searvo/test/features/search/models/search_provider_config_test.dart: SearchProviderConfig Tests copyWith should return new config with updated baseUrl                        00:03 +10: /mnt/workspace/searvo/test/features/search/models/search_provider_config_test.dart: SearchProviderConfig Tests copyWith should return new config with updated baseUrl                       00:03 +10: /mnt/workspace/searvo/test/features/search/models/search_provider_config_test.dart: SearchProviderConfig Tests copyWith should return new config with updated headers                       00:03 +11: /mnt/workspace/searvo/test/features/search/models/search_provider_config_test.dart: SearchProviderConfig Tests copyWith should return new config with updated headers                       00:03 +11: /mnt/workspace/searvo/test/features/search/models/search_provider_config_test.dart: SearchProviderConfig Tests copyWith should return new config with updated timeout                       00:03 +12: /mnt/workspace/searvo/test/features/search/models/search_provider_config_test.dart: SearchProviderConfig Tests copyWith should return new config with updated timeout                       00:03 +12: /mnt/workspace/searvo/test/features/search/models/search_provider_config_test.dart: SearchProviderConfig Tests copyWith should return new config with updated enabled                       00:03 +13: /mnt/workspace/searvo/test/features/search/models/search_provider_config_test.dart: SearchProviderConfig Tests copyWith should return new config with updated enabled                       00:03 +13: /mnt/workspace/searvo/test/features/search/models/search_provider_config_test.dart: SearchProviderConfig Tests copyWith should keep original values when no updates                         00:03 +14: /mnt/workspace/searvo/test/features/search/models/search_provider_config_test.dart: SearchProviderConfig Tests copyWith should keep original values when no updates                         00:03 +14: /mnt/workspace/searvo/test/features/search/models/search_provider_config_test.dart: SearchProviderConfig Tests toString should return formatted string                                      00:03 +15: /mnt/workspace/searvo/test/features/search/models/search_provider_config_test.dart: SearchProviderConfig Tests toString should return formatted string                                      00:03 +15: /mnt/workspace/searvo/test/features/search/models/search_provider_config_test.dart: SearchProviderConfig Tests equality should be equal when all properties match                           00:03 +16: /mnt/workspace/searvo/test/features/search/models/search_provider_config_test.dart: SearchProviderConfig Tests equality should be equal when all properties match                           00:03 +16: /mnt/workspace/searvo/test/features/search/models/search_provider_config_test.dart: SearchProviderConfig Tests equality should not be equal when name differs                               00:03 +17: /mnt/workspace/searvo/test/features/search/models/search_provider_config_test.dart: SearchProviderConfig Tests equality should not be equal when name differs                               00:03 +17: /mnt/workspace/searvo/test/features/search/models/search_provider_config_test.dart: SearchProviderConfig Tests equality should not be equal when baseUrl differs                            00:03 +18: /mnt/workspace/searvo/test/features/search/models/search_provider_config_test.dart: SearchProviderConfig Tests equality should not be equal when baseUrl differs                            00:03 +18: /mnt/workspace/searvo/test/features/search/models/search_provider_config_test.dart: SearchProviderConfig Tests hashCode should be same for equal configs                                    00:03 +19: /mnt/workspace/searvo/test/features/search/models/search_provider_config_test.dart: SearchProviderConfig Tests hashCode should be same for equal configs                                    00:03 +19: /mnt/workspace/searvo/test/features/search/models/search_provider_config_test.dart: SearchResult Tests should create SearchResult with required fields                                      00:03 +20: /mnt/workspace/searvo/test/features/search/models/search_provider_config_test.dart: SearchResult Tests should create SearchResult with required fields                                      00:03 +20: /mnt/workspace/searvo/test/features/search/models/search_provider_config_test.dart: SearchResult Tests should create SearchResult with all fields                                           00:03 +21: /mnt/workspace/searvo/test/features/search/models/search_provider_config_test.dart: SearchResult Tests should create SearchResult with all fields                                           00:03 +21: /mnt/workspace/searvo/test/features/search/models/search_provider_config_test.dart: SearchResult Tests fromSearXNG should create from SearXNG JSON                                          00:03 +22: /mnt/workspace/searvo/test/features/search/models/message_branch_model_test.dart: MessageBranch Tests should create MessageBranch with required fields                                      00:03 +23: /mnt/workspace/searvo/test/features/search/models/message_branch_model_test.dart: MessageBranch Tests should create MessageBranch with required fields                                      00:03 +24: /mnt/workspace/searvo/test/features/search/models/message_branch_model_test.dart: MessageBranch Tests should create MessageBranch with required fields                                      00:03 +25: /mnt/workspace/searvo/test/features/search/models/message_branch_model_test.dart: MessageBranch Tests should create MessageBranch with required fields                                      00:03 +26: /mnt/workspace/searvo/test/features/search/models/message_branch_model_test.dart: MessageBranch Tests should create MessageBranch with required fields                                      00:03 +27: /mnt/workspace/searvo/test/features/search/models/message_branch_model_test.dart: MessageBranch Tests should create MessageBranch with required fields                                      00:03 +27: /mnt/workspace/searvo/test/features/search/models/search_provider_config_test.dart: SearchResult Tests toMap should convert to map correctly                                                00:03 +28: /mnt/workspace/searvo/test/features/search/models/message_branch_model_test.dart: MessageBranch Tests should create MessageBranch with parentBranchId                                       00:03 +29: /mnt/workspace/searvo/test/features/search/models/search_provider_config_test.dart: SearchResult Tests toString should return formatted string                                              00:03 +30: /mnt/workspace/searvo/test/features/search/models/message_branch_model_test.dart: MessageBranch Tests copyWith should return new MessageBranch with updated id                              00:03 +31: /mnt/workspace/searvo/test/features/search/models/message_branch_model_test.dart: MessageBranch Tests copyWith should return new MessageBranch with updated id                              00:03 +31: /mnt/workspace/searvo/test/features/search/models/message_branch_model_test.dart: MessageBranch Tests copyWith should return new MessageBranch with updated message                         00:03 +32: /mnt/workspace/searvo/test/features/search/models/message_branch_model_test.dart: MessageBranch Tests copyWith should return new MessageBranch with updated message                         00:03 +32: /mnt/workspace/searvo/test/features/search/models/message_branch_model_test.dart: MessageBranch Tests copyWith should return new MessageBranch with updated createdAt                       00:03 +33: /mnt/workspace/searvo/test/features/search/models/message_branch_model_test.dart: MessageBranch Tests copyWith should return new MessageBranch with updated createdAt                       00:03 +33: /mnt/workspace/searvo/test/features/search/models/message_branch_model_test.dart: MessageBranch Tests copyWith should return new MessageBranch with updated parentBranchId                  00:03 +34: /mnt/workspace/searvo/test/features/search/models/message_branch_model_test.dart: MessageBranch Tests copyWith should return new MessageBranch with updated parentBranchId                  00:03 +34: /mnt/workspace/searvo/test/features/search/models/message_branch_model_test.dart: MessageBranch Tests copyWith should keep original values when no updates provided                         00:03 +35: /mnt/workspace/searvo/test/features/search/models/message_branch_model_test.dart: MessageBranch Tests copyWith should keep original values when no updates provided                         00:03 +35: /mnt/workspace/searvo/test/features/search/models/message_branch_model_test.dart: MessageBranch Tests toJson should convert to JSON correctly                                               00:03 +36: /mnt/workspace/searvo/test/features/search/models/message_branch_model_test.dart: MessageBranch Tests toJson should convert to JSON correctly                                               00:03 +36: /mnt/workspace/searvo/test/features/search/models/message_branch_model_test.dart: MessageBranch Tests toString should return formatted string                                               00:03 +37: /mnt/workspace/searvo/test/features/search/models/message_branch_model_test.dart: MessageBranch Tests toString should return formatted string                                               00:03 +37: /mnt/workspace/searvo/test/features/search/models/message_branch_model_test.dart: MessageBranchManager Tests should throw assertion error when branches list is empty                       00:03 +38: /mnt/workspace/searvo/test/features/search/models/message_branch_model_test.dart: MessageBranchManager Tests should throw assertion error when branches list is empty                       00:03 +38: /mnt/workspace/searvo/test/features/search/models/message_branch_model_test.dart: MessageBranchManager Tests should create with single branch                                               00:03 +39: /mnt/workspace/searvo/test/features/search/models/message_branch_model_test.dart: MessageBranchManager Tests should create with single branch                                               00:03 +39: /mnt/workspace/searvo/test/features/search/models/message_branch_model_test.dart: MessageBranchManager Tests should create with custom initial index                                        00:03 +40: /mnt/workspace/searvo/test/features/search/models/message_branch_model_test.dart: MessageBranchManager Tests should create with custom initial index                                        00:03 +40: /mnt/workspace/searvo/test/features/search/models/message_branch_model_test.dart: MessageBranchManager Tests currentBranch should return the current branch                                 00:03 +41: /mnt/workspace/searvo/test/features/search/models/message_branch_model_test.dart: MessageBranchManager Tests currentBranch should return the current branch                                 00:03 +41: /mnt/workspace/searvo/test/features/search/models/message_branch_model_test.dart: MessageBranchManager Tests currentBranch should return correct branch after navigation                    00:03 +42: /mnt/workspace/searvo/test/features/search/models/message_branch_model_test.dart: MessageBranchManager Tests currentBranch should return correct branch after navigation                    00:03 +42: /mnt/workspace/searvo/test/features/search/models/message_branch_model_test.dart: MessageBranchManager Tests currentMessage should return message from current branch                       00:03 +43: /mnt/workspace/searvo/test/features/search/models/message_branch_model_test.dart: MessageBranchManager Tests currentMessage should return message from current branch                       00:03 +43: /mnt/workspace/searvo/test/features/search/models/message_branch_model_test.dart: MessageBranchManager Tests hasPreviousBranch should return false at first branch                          00:03 +44: /mnt/workspace/searvo/test/features/search/models/message_branch_model_test.dart: MessageBranchManager Tests hasPreviousBranch should return false at first branch                          00:03 +44: /mnt/workspace/searvo/test/features/search/models/message_branch_model_test.dart: MessageBranchManager Tests hasPreviousBranch should return true when not at first branch                  00:03 +45: /mnt/workspace/searvo/test/features/search/models/message_branch_model_test.dart: MessageBranchManager Tests hasPreviousBranch should return true when not at first branch                  00:03 +45: /mnt/workspace/searvo/test/features/search/models/message_branch_model_test.dart: MessageBranchManager Tests hasNextBranch should return true when not at last branch                       00:03 +46: /mnt/workspace/searvo/test/features/search/models/message_branch_model_test.dart: MessageBranchManager Tests hasNextBranch should return true when not at last branch                       00:03 +46: /mnt/workspace/searvo/test/features/search/models/message_branch_model_test.dart: MessageBranchManager Tests hasNextBranch should return false at last branch                               00:03 +47: /mnt/workspace/searvo/test/features/search/models/message_branch_model_test.dart: MessageBranchManager Tests hasNextBranch should return false at last branch                               00:03 +47: /mnt/workspace/searvo/test/features/search/models/message_branch_model_test.dart: MessageBranchManager Tests totalBranches should return correct count                                      00:03 +48: /mnt/workspace/searvo/test/features/search/models/message_branch_model_test.dart: MessageBranchManager Tests totalBranches should return correct count                                      00:03 +48: /mnt/workspace/searvo/test/features/search/models/message_branch_model_test.dart: MessageBranchManager Tests currentBranchNumber should return 1-indexed branch number                      00:03 +49: /mnt/workspace/searvo/test/features/search/models/message_branch_model_test.dart: MessageBranchManager Tests currentBranchNumber should return 1-indexed branch number                      00:03 +49: /mnt/workspace/searvo/test/features/search/models/message_branch_model_test.dart: MessageBranchManager Tests goToPreviousBranch should navigate to previous branch                          00:03 +50: /mnt/workspace/searvo/test/features/search/models/message_branch_model_test.dart: MessageBranchManager Tests goToPreviousBranch should navigate to previous branch                          00:03 +50: /mnt/workspace/searvo/test/features/search/models/message_branch_model_test.dart: MessageBranchManager Tests goToPreviousBranch should not go below 0                                       00:03 +51: /mnt/workspace/searvo/test/features/search/models/message_branch_model_test.dart: MessageBranchManager Tests goToPreviousBranch should not go below 0                                       00:03 +51: /mnt/workspace/searvo/test/features/search/models/message_branch_model_test.dart: MessageBranchManager Tests goToNextBranch should navigate to next branch                                  00:03 +52: /mnt/workspace/searvo/test/features/search/models/message_branch_model_test.dart: MessageBranchManager Tests goToNextBranch should navigate to next branch                                  00:03 +52: /mnt/workspace/searvo/test/features/search/models/message_branch_model_test.dart: MessageBranchManager Tests goToNextBranch should not exceed last index                                    00:03 +53: /mnt/workspace/searvo/test/features/search/models/message_branch_model_test.dart: MessageBranchManager Tests goToNextBranch should not exceed last index                                    00:03 +53: /mnt/workspace/searvo/test/features/search/models/message_branch_model_test.dart: MessageBranchManager Tests goToBranch should navigate to specific branch                                  00:03 +54: /mnt/workspace/searvo/test/features/search/models/message_branch_model_test.dart: MessageBranchManager Tests goToBranch should navigate to specific branch                                  00:03 +54: /mnt/workspace/searvo/test/features/search/models/message_branch_model_test.dart: MessageBranchManager Tests goToBranch should not navigate to negative index                               00:03 +55: /mnt/workspace/searvo/test/features/search/models/message_branch_model_test.dart: MessageBranchManager Tests goToBranch should not navigate to negative index                               00:03 +55: /mnt/workspace/searvo/test/features/search/models/message_branch_model_test.dart: MessageBranchManager Tests goToBranch should not navigate to out of bounds index                          00:03 +56: /mnt/workspace/searvo/test/features/search/models/message_branch_model_test.dart: MessageBranchManager Tests goToBranch should not navigate to out of bounds index                          00:03 +56: /mnt/workspace/searvo/test/features/search/models/message_branch_model_test.dart: MessageBranchManager Tests addBranch should add new branch and set as current                             00:03 +57: /mnt/workspace/searvo/test/features/search/models/message_branch_model_test.dart: MessageBranchManager Tests addBranch should add new branch and set as current                             00:03 +57: /mnt/workspace/searvo/test/features/search/models/message_branch_model_test.dart: MessageBranchManager Tests updateCurrentBranch should update current branch message                       00:03 +58: /mnt/workspace/searvo/test/features/search/models/message_branch_model_test.dart: MessageBranchManager Tests updateCurrentBranch should update current branch message                       00:03 +58: /mnt/workspace/searvo/test/features/search/models/message_branch_model_test.dart: MessageBranchManager Tests getBranchById should return branch when found                                  00:03 +59: /mnt/workspace/searvo/test/features/search/models/message_branch_model_test.dart: MessageBranchManager Tests getBranchById should return branch when found                                  00:03 +59: /mnt/workspace/searvo/test/features/search/models/message_branch_model_test.dart: MessageBranchManager Tests getBranchById should return null when not found                                00:03 +60: /mnt/workspace/searvo/test/features/search/models/message_branch_model_test.dart: MessageBranchManager Tests getBranchById should return null when not found                                00:03 +60: /mnt/workspace/searvo/test/features/search/models/message_branch_model_test.dart: MessageBranchManager Tests removeBranch should remove branch at index                                     00:03 +61: /mnt/workspace/searvo/test/features/search/models/message_branch_model_test.dart: MessageBranchManager Tests removeBranch should remove branch at index                                     00:03 +61: /mnt/workspace/searvo/test/features/search/models/message_branch_model_test.dart: MessageBranchManager Tests removeBranch should not remove if only one branch                              00:03 +62: /mnt/workspace/searvo/test/features/search/models/message_branch_model_test.dart: MessageBranchManager Tests removeBranch should not remove if only one branch                              00:03 +62: /mnt/workspace/searvo/test/features/search/models/message_branch_model_test.dart: MessageBranchManager Tests removeBranch should not remove at invalid index                                00:03 +63: /mnt/workspace/searvo/test/features/search/models/message_data_test.dart: MessageGenerationState Tests should have all expected states                                                      00:03 +64: /mnt/workspace/searvo/test/features/search/models/message_data_test.dart: MessageGenerationState Tests should have all expected states                                                      00:03 +65: /mnt/workspace/searvo/test/features/search/models/message_data_test.dart: MessageGenerationState Tests should have all expected states                                                      00:03 +66: /mnt/workspace/searvo/test/features/search/models/message_data_test.dart: MessageGenerationState Tests should have all expected states                                                      00:03 +67: /mnt/workspace/searvo/test/features/search/models/message_data_test.dart: MessageGenerationState Tests should have all expected states                                                      00:03 +67: /mnt/workspace/searvo/test/features/search/models/message_data_test.dart: MessageGenerationState Tests should have exactly 4 states                                                         00:03 +68: /mnt/workspace/searvo/test/features/search/models/message_data_test.dart: MessageGenerationState Tests should have exactly 4 states                                                         00:03 +68: /mnt/workspace/searvo/test/features/search/models/message_data_test.dart: MessageData Tests should create MessageData with required fields                                                  00:03 +69: /mnt/workspace/searvo/test/features/search/models/message_data_test.dart: MessageData Tests should create MessageData with required fields                                                  00:03 +69: /mnt/workspace/searvo/test/features/search/models/message_data_test.dart: MessageData Tests should create MessageData with all fields                                                       00:04 +69: /mnt/workspace/searvo/test/features/search/models/message_data_test.dart: MessageData Tests should create MessageData with all fields                                                       00:04 +70: /mnt/workspace/searvo/test/features/search/models/message_data_test.dart: MessageData Tests should create MessageData with all fields                                                       00:04 +70: /mnt/workspace/searvo/test/features/search/models/message_data_test.dart: MessageData Tests copyWith should return new MessageData with updated query                                       00:04 +71: /mnt/workspace/searvo/test/features/search/models/message_data_test.dart: MessageData Tests copyWith should return new MessageData with updated query                                       00:04 +71: /mnt/workspace/searvo/test/features/search/models/message_data_test.dart: MessageData Tests copyWith should return new MessageData with updated answer                                      00:04 +72: /mnt/workspace/searvo/test/features/search/models/message_data_test.dart: MessageData Tests copyWith should return new MessageData with updated answer                                      00:04 +72: /mnt/workspace/searvo/test/features/search/models/message_data_test.dart: MessageData Tests copyWith should return new MessageData with updated generationState                             00:04 +73: /mnt/workspace/searvo/test/features/search/models/message_data_test.dart: MessageData Tests copyWith should return new MessageData with updated generationState                             00:04 +73: /mnt/workspace/searvo/test/features/search/models/message_data_test.dart: MessageData Tests copyWith should return new MessageData with updated relatedQuestions                            00:04 +74: /mnt/workspace/searvo/test/features/search/models/message_data_test.dart: MessageData Tests copyWith should return new MessageData with updated relatedQuestions                            00:04 +74: /mnt/workspace/searvo/test/features/search/models/message_data_test.dart: MessageData Tests copyWith should keep original values when no updates provided                                   00:04 +75: /mnt/workspace/searvo/test/features/search/models/message_data_test.dart: MessageData Tests copyWith should keep original values when no updates provided                                   00:04 +75: /mnt/workspace/searvo/test/features/search/models/message_data_test.dart: MessageData Tests hasAttachments should return false when no attachments                                          00:04 +76: /mnt/workspace/searvo/test/features/search/models/message_data_test.dart: MessageData Tests hasAttachments should return false when no attachments                                          00:04 +76: /mnt/workspace/searvo/test/features/search/models/message_data_test.dart: MessageData Tests hasAttachments should return true when has attachments                                          00:04 +77: /mnt/workspace/searvo/test/features/search/models/message_data_test.dart: MessageData Tests hasAttachments should return true when has attachments                                          00:04 +77: /mnt/workspace/searvo/test/features/search/models/message_data_test.dart: MessageData Tests isGenerating should return true when generating                                                 00:04 +78: /mnt/workspace/searvo/test/features/search/models/message_data_test.dart: MessageData Tests isGenerating should return true when generating                                                 00:04 +78: /mnt/workspace/searvo/test/features/search/models/message_data_test.dart: MessageData Tests isGenerating should return true when streaming                                                  00:04 +79: /mnt/workspace/searvo/test/features/search/models/message_data_test.dart: MessageData Tests isGenerating should return true when streaming                                                  00:04 +79: /mnt/workspace/searvo/test/features/search/models/message_data_test.dart: MessageData Tests isGenerating should return false when completed                                                 00:04 +80: /mnt/workspace/searvo/test/features/search/models/message_data_test.dart: MessageData Tests isGenerating should return false when completed                                                 00:04 +80: /mnt/workspace/searvo/test/features/search/models/message_data_test.dart: MessageData Tests isGenerating should return false when searching                                                 00:04 +81: /mnt/workspace/searvo/test/features/search/models/message_data_test.dart: MessageData Tests isGenerating should return false when searching                                                 00:04 +81: /mnt/workspace/searvo/test/features/search/models/message_data_test.dart: MessageData Tests attachmentSummary should return empty string when no attachments                                00:04 +82: /mnt/workspace/searvo/test/features/search/models/message_data_test.dart: MessageData Tests attachmentSummary should return empty string when no attachments                                00:04 +82: /mnt/workspace/searvo/test/features/search/models/message_data_test.dart: MessageData Tests attachmentSummary should return file name when one attachment                                   00:04 +83: /mnt/workspace/searvo/test/features/search/models/message_data_test.dart: MessageData Tests attachmentSummary should return file name when one attachment                                   00:04 +83: /mnt/workspace/searvo/test/features/search/models/message_data_test.dart: MessageData Tests attachmentSummary should return count when multiple attachments                                 00:04 +84: /mnt/workspace/searvo/test/features/search/models/message_data_test.dart: MessageData Tests attachmentSummary should return count when multiple attachments                                 00:04 +84: /mnt/workspace/searvo/test/features/search/models/message_data_test.dart: SourceItem Tests should create SourceItem with required fields                                                    00:04 +85: /mnt/workspace/searvo/test/features/search/models/message_data_test.dart: SourceItem Tests should create SourceItem with required fields                                                    00:04 +85: /mnt/workspace/searvo/test/features/search/models/message_data_test.dart: SourceItem Tests should create SourceItem with all fields                                                         00:04 +86: /mnt/workspace/searvo/test/features/search/models/message_data_test.dart: SourceItem Tests should create SourceItem with all fields                                                         00:04 +86: /mnt/workspace/searvo/test/features/search/models/message_data_test.dart: AttachmentMetadata Tests should create AttachmentMetadata with all fields                                         00:04 +87: /mnt/workspace/searvo/test/features/search/models/message_data_test.dart: AttachmentMetadata Tests should create AttachmentMetadata with all fields                                         00:04 +87: /mnt/workspace/searvo/test/features/search/models/message_data_test.dart: AttachmentMetadata Tests should handle zero size                                                                  00:04 +88: /mnt/workspace/searvo/test/features/search/models/message_data_test.dart: AttachmentMetadata Tests should handle zero size                                                                  lib/features/search/domain/services/search_service.dart:16:8: Error: Error when reading 'lib/features/search/agent/services/intent_orchestrator.dart': No such file or directory
import '../../agent/services/intent_orchestrator.dart';
       ^
lib/features/search/domain/services/search_service.dart:17:8: Error: Error when reading 'lib/features/search/agent/services/agent_executor.dart': No such file or directory
import '../../agent/services/agent_executor.dart';
       ^
lib/features/search/domain/services/search_service.dart:18:8: Error: Error when reading 'lib/features/search/agent/services/tool_registry.dart': No such file or directory
import '../../agent/services/tool_registry.dart';
       ^
lib/features/search/domain/services/search_service.dart:19:8: Error: Error when reading 'lib/features/search/tools/web_search/web_search_tool.dart': No such file or directory
import '../../tools/web_search/web_search_tool.dart';
       ^
lib/features/search/domain/services/search_service.dart:20:8: Error: Error when reading 'lib/features/search/tools/image_generator/image_generation_tool.dart': No such file or directory
import '../../tools/image_generator/image_generation_tool.dart';
       ^
lib/features/search/domain/services/search_service.dart:21:8: Error: Error when reading 'lib/features/search/tools/pdf_reader/pdf_reader_tool.dart': No such file or directory
import '../../tools/pdf_reader/pdf_reader_tool.dart';
       ^
lib/features/search/domain/services/search_service.dart:22:8: Error: Error when reading 'lib/features/search/tools/video_analyzer/video_analyzer_tool.dart': No such file or directory
import '../../tools/video_analyzer/video_analyzer_tool.dart';
       ^
lib/features/search/domain/services/search_service.dart:23:8: Error: Error when reading 'lib/features/search/tools/web_scraper/web_scraper_tool.dart': No such file or directory
import '../../tools/web_scraper/web_scraper_tool.dart';
       ^
lib/features/search/domain/services/search_service.dart:24:8: Error: Error when reading 'lib/features/search/tools/calculator/calculator_tool.dart': No such file or directory
import '../../tools/calculator/calculator_tool.dart';
       ^
lib/features/search/domain/services/search_service.dart:25:8: Error: Error when reading 'lib/features/search/tools/weather/weather_tool.dart': No such file or directory
import '../../tools/weather/weather_tool.dart';
       ^
lib/features/search/domain/services/search_service.dart:26:8: Error: Error when reading 'lib/features/search/tools/time/time_tool.dart': No such file or directory
import '../../tools/time/time_tool.dart';
       ^
lib/features/search/domain/services/search_service.dart:27:8: Error: Error when reading 'lib/features/search/tools/currency/currency_converter_tool.dart': No such file or directory
import '../../tools/currency/currency_converter_tool.dart';
       ^
lib/features/search/domain/services/search_service.dart:28:8: Error: Error when reading 'lib/features/search/tools/dictionary/dictionary_tool.dart': No such file or directory
import '../../tools/dictionary/dictionary_tool.dart';
       ^
lib/features/search/domain/services/search_service.dart:29:8: Error: Error when reading 'lib/features/search/tools/wikipedia/wikipedia_tool.dart': No such file or directory
import '../../tools/wikipedia/wikipedia_tool.dart';
       ^
lib/features/search/domain/services/search_service.dart:30:8: Error: Error when reading 'lib/features/search/tools/unit_converter/unit_converter_tool.dart': No such file or directory
import '../../tools/unit_converter/unit_converter_tool.dart';
       ^
lib/features/search/domain/services/search_service.dart:31:8: Error: Error when reading 'lib/features/search/tools/country/country_info_tool.dart': No such file or directory
import '../../tools/country/country_info_tool.dart';
       ^
lib/features/search/domain/services/search_service.dart:32:8: Error: Error when reading 'lib/features/search/tools/numbers/numbers_tool.dart': No such file or directory
import '../../tools/numbers/numbers_tool.dart';
       ^
lib/features/search/domain/services/search_service.dart:33:8: Error: Error when reading 'lib/features/search/tools/holiday/holiday_tool.dart': No such file or directory
import '../../tools/holiday/holiday_tool.dart';
       ^
lib/features/search/domain/services/search_service.dart:34:8: Error: Error when reading 'lib/features/search/tools/crypto/crypto_price_tool.dart': No such file or directory
import '../../tools/crypto/crypto_price_tool.dart';
       ^
lib/features/search/domain/services/search_service.dart:35:8: Error: Error when reading 'lib/features/search/tools/stock/stock_price_tool.dart': No such file or directory
import '../../tools/stock/stock_price_tool.dart';
       ^
00:04 +88: loading /mnt/workspace/searvo/test/features/search/adaptive_search_test.dart                                                                                                                00:05 +88: /mnt/workspace/searvo/test/features/search/adaptive_search_test.dart: Adaptive Search Verification Adaptive Query Expansion generates sub-queries for complex topics                        00:05 +88: /mnt/workspace/searvo/test/features/search/adaptive_search_test.dart: Adaptive Search Verification Adaptive Query Expansion generates sub-queries for complex topics                        
🔍 Analyzing query: "best budget laptop 2024"
✅ Query analysis complete:
   Intent: informational
   Complexity: simple
   Context dependency: independent (0.0)
   Sub-queries: 3
   Search types: general
00:05 +89: /mnt/workspace/searvo/test/features/search/adaptive_search_test.dart: Adaptive Search Verification Adaptive Query Expansion generates sub-queries for complex topics                        00:05 +89: /mnt/workspace/searvo/test/features/search/adaptive_search_test.dart: Adaptive Search Verification Comparison queries generate specific sub-queries                                         00:05 +89: /mnt/workspace/searvo/test/features/search/adaptive_search_test.dart: Adaptive Search Verification Comparison queries generate specific sub-queries                                         
🔍 Analyzing query: "iphone 15 vs samsung s24"
✅ Query analysis complete:
   Intent: comparison
   Complexity: simple
   Context dependency: independent (0.0)
   Sub-queries: 4
   Search types: general
00:05 +90: /mnt/workspace/searvo/test/features/search/domain/usecases/get_autocomplete_suggestions_usecase_test.dart: ... should return empty list when query is too short                             00:05 +90: /mnt/workspace/searvo/test/features/search/adaptive_search_test.dart: Adaptive Search Verification How-to queries generate guide sub-queries                                                
🔍 Analyzing query: "how to bake a cake"
✅ Query analysis complete:
   Intent: instructional
   Complexity: simple
   Context dependency: independent (0.0)
   Sub-queries: 3
   Search types: general
00:05 +91: /mnt/workspace/searvo/test/features/search/domain/usecases/get_autocomplete_suggestions_usecase_test.dart: ... should return empty list when query is too short                             00:05 +92: /mnt/workspace/searvo/test/features/search/adaptive_search_test.dart: Adaptive Search Verification Information Density penalizes repetitive content                                         Shell: 📊 Ranking 2 documents for query: "laptop"
Shell: 🔑 Extracted 1 keywords and 0 phrases
Shell: ✅ Ranking complete. Top 3 results:
Shell:    1. Good Article (score: 2.36)
Shell:    2. Spam Article (score: 1.41)
00:05 +93: /mnt/workspace/searvo/test/features/search/adaptive_search_test.dart: Adaptive Search Verification Information Density penalizes repetitive content                                         00:05 +94: /mnt/workspace/searvo/test/features/search/domain/usecases/get_autocomplete_suggestions_usecase_test.dart: ... should fetch and enhance suggestions from repository                         00:05 +95: /mnt/workspace/searvo/test/features/search/domain/usecases/get_autocomplete_suggestions_usecase_test.dart: ... should fetch and enhance suggestions from repository                         00:05 +95: /mnt/workspace/searvo/test/features/search/domain/usecases/get_autocomplete_suggestions_usecase_test.dart: GetAutocompleteSuggestionsUseCase should return fallback suggestions on error    00:05 +96: /mnt/workspace/searvo/test/features/search/domain/usecases/get_autocomplete_suggestions_usecase_test.dart: GetAutocompleteSuggestionsUseCase should return fallback suggestions on error    00:05 +96: /mnt/workspace/searvo/test/features/search/domain/usecases/get_autocomplete_suggestions_usecase_test.dart: GetAutocompleteSuggestionsUseCase should debounce calls                          00:05 +97: /mnt/workspace/searvo/test/features/search/domain/usecases/get_autocomplete_suggestions_usecase_test.dart: GetAutocompleteSuggestionsUseCase should debounce calls                          lib/features/search/domain/services/search_service.dart:69:14: Error: Type 'IntentOrchestrator' not found.
  late final IntentOrchestrator _intentOrchestrator;
             ^^^^^^^^^^^^^^^^^^
lib/features/search/domain/services/search_service.dart:70:14: Error: Type 'AgentExecutor' not found.
  late final AgentExecutor _agentExecutor;
             ^^^^^^^^^^^^^
lib/features/search/domain/services/search_service.dart:71:14: Error: Type 'ToolRegistry' not found.
  late final ToolRegistry _toolRegistry;
             ^^^^^^^^^^^^
00:06 +97: /mnt/workspace/searvo/test/features/search/domain/usecases/get_autocomplete_suggestions_usecase_test.dart: GetAutocompleteSuggestionsUseCase should debounce calls                          lib/features/search/domain/services/search_service.dart:69:14: Error: 'IntentOrchestrator' isn't a type.
  late final IntentOrchestrator _intentOrchestrator;
             ^^^^^^^^^^^^^^^^^^
lib/features/search/domain/services/search_service.dart:70:14: Error: 'AgentExecutor' isn't a type.
  late final AgentExecutor _agentExecutor;
             ^^^^^^^^^^^^^
lib/features/search/domain/services/search_service.dart:71:14: Error: 'ToolRegistry' isn't a type.
  late final ToolRegistry _toolRegistry;
             ^^^^^^^^^^^^
lib/features/search/domain/services/search_service.dart:152:21: Error: The method 'ToolRegistry' isn't defined for the type 'SearchService'.
 - 'SearchService' is from 'package:searvo/features/search/domain/services/search_service.dart' ('lib/features/search/domain/services/search_service.dart').
Try correcting the name to the name of an existing method, or defining a method named 'ToolRegistry'.
    _toolRegistry = ToolRegistry();
                    ^^^^^^^^^^^^
lib/features/search/domain/services/search_service.dart:154:7: Error: The method 'WebSearchTool' isn't defined for the type 'SearchService'.
 - 'SearchService' is from 'package:searvo/features/search/domain/services/search_service.dart' ('lib/features/search/domain/services/search_service.dart').
Try correcting the name to the name of an existing method, or defining a method named 'WebSearchTool'.
      WebSearchTool(ragOrchestrator: _ragOrchestrator),
      ^^^^^^^^^^^^^
lib/features/search/domain/services/search_service.dart:155:7: Error: The method 'ImageGenerationTool' isn't defined for the type 'SearchService'.
 - 'SearchService' is from 'package:searvo/features/search/domain/services/search_service.dart' ('lib/features/search/domain/services/search_service.dart').
Try correcting the name to the name of an existing method, or defining a method named 'ImageGenerationTool'.
      ImageGenerationTool(),
      ^^^^^^^^^^^^^^^^^^^
lib/features/search/domain/services/search_service.dart:156:7: Error: The method 'PdfReaderTool' isn't defined for the type 'SearchService'.
 - 'SearchService' is from 'package:searvo/features/search/domain/services/search_service.dart' ('lib/features/search/domain/services/search_service.dart').
Try correcting the name to the name of an existing method, or defining a method named 'PdfReaderTool'.
      PdfReaderTool(),
      ^^^^^^^^^^^^^
lib/features/search/domain/services/search_service.dart:157:7: Error: The method 'VideoAnalyzerTool' isn't defined for the type 'SearchService'.
 - 'SearchService' is from 'package:searvo/features/search/domain/services/search_service.dart' ('lib/features/search/domain/services/search_service.dart').
Try correcting the name to the name of an existing method, or defining a method named 'VideoAnalyzerTool'.
      VideoAnalyzerTool(),
      ^^^^^^^^^^^^^^^^^
lib/features/search/domain/services/search_service.dart:158:7: Error: The method 'WebScraperTool' isn't defined for the type 'SearchService'.
 - 'SearchService' is from 'package:searvo/features/search/domain/services/search_service.dart' ('lib/features/search/domain/services/search_service.dart').
Try correcting the name to the name of an existing method, or defining a method named 'WebScraperTool'.
      WebScraperTool(),
      ^^^^^^^^^^^^^^
lib/features/search/domain/services/search_service.dart:159:7: Error: The method 'CalculatorTool' isn't defined for the type 'SearchService'.
 - 'SearchService' is from 'package:searvo/features/search/domain/services/search_service.dart' ('lib/features/search/domain/services/search_service.dart').
Try correcting the name to the name of an existing method, or defining a method named 'CalculatorTool'.
      CalculatorTool(),
      ^^^^^^^^^^^^^^
lib/features/search/domain/services/search_service.dart:160:7: Error: The method 'WeatherTool' isn't defined for the type 'SearchService'.
 - 'SearchService' is from 'package:searvo/features/search/domain/services/search_service.dart' ('lib/features/search/domain/services/search_service.dart').
Try correcting the name to the name of an existing method, or defining a method named 'WeatherTool'.
      WeatherTool(),
      ^^^^^^^^^^^
lib/features/search/domain/services/search_service.dart:161:7: Error: The method 'TimeTool' isn't defined for the type 'SearchService'.
 - 'SearchService' is from 'package:searvo/features/search/domain/services/search_service.dart' ('lib/features/search/domain/services/search_service.dart').
Try correcting the name to the name of an existing method, or defining a method named 'TimeTool'.
      TimeTool(),
      ^^^^^^^^
lib/features/search/domain/services/search_service.dart:162:7: Error: The method 'CurrencyConverterTool' isn't defined for the type 'SearchService'.
 - 'SearchService' is from 'package:searvo/features/search/domain/services/search_service.dart' ('lib/features/search/domain/services/search_service.dart').
Try correcting the name to the name of an existing method, or defining a method named 'CurrencyConverterTool'.
      CurrencyConverterTool(),
      ^^^^^^^^^^^^^^^^^^^^^
lib/features/search/domain/services/search_service.dart:163:7: Error: The method 'DictionaryTool' isn't defined for the type 'SearchService'.
 - 'SearchService' is from 'package:searvo/features/search/domain/services/search_service.dart' ('lib/features/search/domain/services/search_service.dart').
Try correcting the name to the name of an existing method, or defining a method named 'DictionaryTool'.
      DictionaryTool(),
      ^^^^^^^^^^^^^^
lib/features/search/domain/services/search_service.dart:164:7: Error: The method 'WikipediaTool' isn't defined for the type 'SearchService'.
 - 'SearchService' is from 'package:searvo/features/search/domain/services/search_service.dart' ('lib/features/search/domain/services/search_service.dart').
Try correcting the name to the name of an existing method, or defining a method named 'WikipediaTool'.
      WikipediaTool(),
      ^^^^^^^^^^^^^
lib/features/search/domain/services/search_service.dart:165:7: Error: The method 'UnitConverterTool' isn't defined for the type 'SearchService'.
 - 'SearchService' is from 'package:searvo/features/search/domain/services/search_service.dart' ('lib/features/search/domain/services/search_service.dart').
Try correcting the name to the name of an existing method, or defining a method named 'UnitConverterTool'.
      UnitConverterTool(),
      ^^^^^^^^^^^^^^^^^
lib/features/search/domain/services/search_service.dart:166:7: Error: The method 'CountryInfoTool' isn't defined for the type 'SearchService'.
 - 'SearchService' is from 'package:searvo/features/search/domain/services/search_service.dart' ('lib/features/search/domain/services/search_service.dart').
Try correcting the name to the name of an existing method, or defining a method named 'CountryInfoTool'.
      CountryInfoTool(),
      ^^^^^^^^^^^^^^^
lib/features/search/domain/services/search_service.dart:167:7: Error: The method 'NumbersTool' isn't defined for the type 'SearchService'.
 - 'SearchService' is from 'package:searvo/features/search/domain/services/search_service.dart' ('lib/features/search/domain/services/search_service.dart').
Try correcting the name to the name of an existing method, or defining a method named 'NumbersTool'.
      NumbersTool(),
      ^^^^^^^^^^^
lib/features/search/domain/services/search_service.dart:168:7: Error: The method 'HolidayTool' isn't defined for the type 'SearchService'.
 - 'SearchService' is from 'package:searvo/features/search/domain/services/search_service.dart' ('lib/features/search/domain/services/search_service.dart').
Try correcting the name to the name of an existing method, or defining a method named 'HolidayTool'.
      HolidayTool(),
      ^^^^^^^^^^^
lib/features/search/domain/services/search_service.dart:169:7: Error: The method 'CryptoPriceTool' isn't defined for the type 'SearchService'.
 - 'SearchService' is from 'package:searvo/features/search/domain/services/search_service.dart' ('lib/features/search/domain/services/search_service.dart').
Try correcting the name to the name of an existing method, or defining a method named 'CryptoPriceTool'.
      CryptoPriceTool(),
      ^^^^^^^^^^^^^^^
lib/features/search/domain/services/search_service.dart:170:7: Error: The method 'StockPriceTool' isn't defined for the type 'SearchService'.
 - 'SearchService' is from 'package:searvo/features/search/domain/services/search_service.dart' ('lib/features/search/domain/services/search_service.dart').
Try correcting the name to the name of an existing method, or defining a method named 'StockPriceTool'.
      StockPriceTool(),
      ^^^^^^^^^^^^^^
lib/features/search/domain/services/search_service.dart:173:27: Error: The method 'IntentOrchestrator' isn't defined for the type 'SearchService'.
 - 'SearchService' is from 'package:searvo/features/search/domain/services/search_service.dart' ('lib/features/search/domain/services/search_service.dart').
Try correcting the name to the name of an existing method, or defining a method named 'IntentOrchestrator'.
    _intentOrchestrator = IntentOrchestrator(toolRegistry: _toolRegistry);
                          ^^^^^^^^^^^^^^^^^^
lib/features/search/domain/services/search_service.dart:174:22: Error: The method 'AgentExecutor' isn't defined for the type 'SearchService'.
 - 'SearchService' is from 'package:searvo/features/search/domain/services/search_service.dart' ('lib/features/search/domain/services/search_service.dart').
Try correcting the name to the name of an existing method, or defining a method named 'AgentExecutor'.
    _agentExecutor = AgentExecutor(toolRegistry: _toolRegistry);
                     ^^^^^^^^^^^^^
00:07 +97: /mnt/workspace/searvo/test/features/search/domain/usecases/get_autocomplete_suggestions_usecase_test.dart: GetAutocompleteSuggestionsUseCase should debounce calls                          00:08 +97 -1: loading /mnt/workspace/searvo/test/features/search/bloc/search_bloc_test.dart [E]                                                                                                        
  Failed to load "/mnt/workspace/searvo/test/features/search/bloc/search_bloc_test.dart":
  Compilation failed for testPath=/mnt/workspace/searvo/test/features/search/bloc/search_bloc_test.dart: lib/features/search/domain/services/search_service.dart:16:8: Error: Error when reading 'lib/features/search/agent/services/intent_orchestrator.dart': No such file or directory
  import '../../agent/services/intent_orchestrator.dart';
         ^
  lib/features/search/domain/services/search_service.dart:17:8: Error: Error when reading 'lib/features/search/agent/services/agent_executor.dart': No such file or directory
  import '../../agent/services/agent_executor.dart';
         ^
  lib/features/search/domain/services/search_service.dart:18:8: Error: Error when reading 'lib/features/search/agent/services/tool_registry.dart': No such file or directory
  import '../../agent/services/tool_registry.dart';
         ^
  lib/features/search/domain/services/search_service.dart:19:8: Error: Error when reading 'lib/features/search/tools/web_search/web_search_tool.dart': No such file or directory
  import '../../tools/web_search/web_search_tool.dart';
         ^
  lib/features/search/domain/services/search_service.dart:20:8: Error: Error when reading 'lib/features/search/tools/image_generator/image_generation_tool.dart': No such file or directory
  import '../../tools/image_generator/image_generation_tool.dart';
         ^
  lib/features/search/domain/services/search_service.dart:21:8: Error: Error when reading 'lib/features/search/tools/pdf_reader/pdf_reader_tool.dart': No such file or directory
  import '../../tools/pdf_reader/pdf_reader_tool.dart';
         ^
  lib/features/search/domain/services/search_service.dart:22:8: Error: Error when reading 'lib/features/search/tools/video_analyzer/video_analyzer_tool.dart': No such file or directory
  import '../../tools/video_analyzer/video_analyzer_tool.dart';
         ^
  lib/features/search/domain/services/search_service.dart:23:8: Error: Error when reading 'lib/features/search/tools/web_scraper/web_scraper_tool.dart': No such file or directory
  import '../../tools/web_scraper/web_scraper_tool.dart';
         ^
  lib/features/search/domain/services/search_service.dart:24:8: Error: Error when reading 'lib/features/search/tools/calculator/calculator_tool.dart': No such file or directory
  import '../../tools/calculator/calculator_tool.dart';
         ^
  lib/features/search/domain/services/search_service.dart:25:8: Error: Error when reading 'lib/features/search/tools/weather/weather_tool.dart': No such file or directory
  import '../../tools/weather/weather_tool.dart';
         ^
  lib/features/search/domain/services/search_service.dart:26:8: Error: Error when reading 'lib/features/search/tools/time/time_tool.dart': No such file or directory
  import '../../tools/time/time_tool.dart';
         ^
  lib/features/search/domain/services/search_service.dart:27:8: Error: Error when reading 'lib/features/search/tools/currency/currency_converter_tool.dart': No such file or directory
  import '../../tools/currency/currency_converter_tool.dart';
         ^
  lib/features/search/domain/services/search_service.dart:28:8: Error: Error when reading 'lib/features/search/tools/dictionary/dictionary_tool.dart': No such file or directory
  import '../../tools/dictionary/dictionary_tool.dart';
         ^
  lib/features/search/domain/services/search_service.dart:29:8: Error: Error when reading 'lib/features/search/tools/wikipedia/wikipedia_tool.dart': No such file or directory
  import '../../tools/wikipedia/wikipedia_tool.dart';
         ^
  lib/features/search/domain/services/search_service.dart:30:8: Error: Error when reading 'lib/features/search/tools/unit_converter/unit_converter_tool.dart': No such file or directory
  import '../../tools/unit_converter/unit_converter_tool.dart';
         ^
  lib/features/search/domain/services/search_service.dart:31:8: Error: Error when reading 'lib/features/search/tools/country/country_info_tool.dart': No such file or directory
  import '../../tools/country/country_info_tool.dart';
         ^
  lib/features/search/domain/services/search_service.dart:32:8: Error: Error when reading 'lib/features/search/tools/numbers/numbers_tool.dart': No such file or directory
  import '../../tools/numbers/numbers_tool.dart';
         ^
  lib/features/search/domain/services/search_service.dart:33:8: Error: Error when reading 'lib/features/search/tools/holiday/holiday_tool.dart': No such file or directory
  import '../../tools/holiday/holiday_tool.dart';
         ^
  lib/features/search/domain/services/search_service.dart:34:8: Error: Error when reading 'lib/features/search/tools/crypto/crypto_price_tool.dart': No such file or directory
  import '../../tools/crypto/crypto_price_tool.dart';
         ^
  lib/features/search/domain/services/search_service.dart:35:8: Error: Error when reading 'lib/features/search/tools/stock/stock_price_tool.dart': No such file or directory
  import '../../tools/stock/stock_price_tool.dart';
         ^
  lib/features/search/domain/services/search_service.dart:69:14: Error: Type 'IntentOrchestrator' not found.
    late final IntentOrchestrator _intentOrchestrator;
               ^^^^^^^^^^^^^^^^^^
  lib/features/search/domain/services/search_service.dart:70:14: Error: Type 'AgentExecutor' not found.
    late final AgentExecutor _agentExecutor;
               ^^^^^^^^^^^^^
  lib/features/search/domain/services/search_service.dart:71:14: Error: Type 'ToolRegistry' not found.
    late final ToolRegistry _toolRegistry;
               ^^^^^^^^^^^^
  lib/features/search/domain/services/search_service.dart:69:14: Error: 'IntentOrchestrator' isn't a type.
    late final IntentOrchestrator _intentOrchestrator;
               ^^^^^^^^^^^^^^^^^^
  lib/features/search/domain/services/search_service.dart:70:14: Error: 'AgentExecutor' isn't a type.
    late final AgentExecutor _agentExecutor;
               ^^^^^^^^^^^^^
  lib/features/search/domain/services/search_service.dart:71:14: Error: 'ToolRegistry' isn't a type.
    late final ToolRegistry _toolRegistry;
               ^^^^^^^^^^^^
  lib/features/search/domain/services/search_service.dart:152:21: Error: The method 'ToolRegistry' isn't defined for the type 'SearchService'.
   - 'SearchService' is from 'package:searvo/features/search/domain/services/search_service.dart' ('lib/features/search/domain/services/search_service.dart').
  Try correcting the name to the name of an existing method, or defining a method named 'ToolRegistry'.
      _toolRegistry = ToolRegistry();
                      ^^^^^^^^^^^^
  lib/features/search/domain/services/search_service.dart:154:7: Error: The method 'WebSearchTool' isn't defined for the type 'SearchService'.
   - 'SearchService' is from 'package:searvo/features/search/domain/services/search_service.dart' ('lib/features/search/domain/services/search_service.dart').
  Try correcting the name to the name of an existing method, or defining a method named 'WebSearchTool'.
        WebSearchTool(ragOrchestrator: _ragOrchestrator),
        ^^^^^^^^^^^^^
  lib/features/search/domain/services/search_service.dart:155:7: Error: The method 'ImageGenerationTool' isn't defined for the type 'SearchService'.
   - 'SearchService' is from 'package:searvo/features/search/domain/services/search_service.dart' ('lib/features/search/domain/services/search_service.dart').
  Try correcting the name to the name of an existing method, or defining a method named 'ImageGenerationTool'.
        ImageGenerationTool(),
        ^^^^^^^^^^^^^^^^^^^
  lib/features/search/domain/services/search_service.dart:156:7: Error: The method 'PdfReaderTool' isn't defined for the type 'SearchService'.
   - 'SearchService' is from 'package:searvo/features/search/domain/services/search_service.dart' ('lib/features/search/domain/services/search_service.dart').
  Try correcting the name to the name of an existing method, or defining a method named 'PdfReaderTool'.
        PdfReaderTool(),
        ^^^^^^^^^^^^^
  lib/features/search/domain/services/search_service.dart:157:7: Error: The method 'VideoAnalyzerTool' isn't defined for the type 'SearchService'.
   - 'SearchService' is from 'package:searvo/features/search/domain/services/search_service.dart' ('lib/features/search/domain/services/search_service.dart').
  Try correcting the name to the name of an existing method, or defining a method named 'VideoAnalyzerTool'.
        VideoAnalyzerTool(),
        ^^^^^^^^^^^^^^^^^
  lib/features/search/domain/services/search_service.dart:158:7: Error: The method 'WebScraperTool' isn't defined for the type 'SearchService'.
   - 'SearchService' is from 'package:searvo/features/search/domain/services/search_service.dart' ('lib/features/search/domain/services/search_service.dart').
  Try correcting the name to the name of an existing method, or defining a method named 'WebScraperTool'.
        WebScraperTool(),
        ^^^^^^^^^^^^^^
  lib/features/search/domain/services/search_service.dart:159:7: Error: The method 'CalculatorTool' isn't defined for the type 'SearchService'.
   - 'SearchService' is from 'package:searvo/features/search/domain/services/search_service.dart' ('lib/features/search/domain/services/search_service.dart').
  Try correcting the name to the name of an existing method, or defining a method named 'CalculatorTool'.
        CalculatorTool(),
        ^^^^^^^^^^^^^^
  lib/features/search/domain/services/search_service.dart:160:7: Error: The method 'WeatherTool' isn't defined for the type 'SearchService'.
   - 'SearchService' is from 'package:searvo/features/search/domain/services/search_service.dart' ('lib/features/search/domain/services/search_service.dart').
  Try correcting the name to the name of an existing method, or defining a method named 'WeatherTool'.
        WeatherTool(),
        ^^^^^^^^^^^
  lib/features/search/domain/services/search_service.dart:161:7: Error: The method 'TimeTool' isn't defined for the type 'SearchService'.
   - 'SearchService' is from 'package:searvo/features/search/domain/services/search_service.dart' ('lib/features/search/domain/services/search_service.dart').
  Try correcting the name to the name of an existing method, or defining a method named 'TimeTool'.
        TimeTool(),
        ^^^^^^^^
  lib/features/search/domain/services/search_service.dart:162:7: Error: The method 'CurrencyConverterTool' isn't defined for the type 'SearchService'.
   - 'SearchService' is from 'package:searvo/features/search/domain/services/search_service.dart' ('lib/features/search/domain/services/search_service.dart').
  Try correcting the name to the name of an existing method, or defining a method named 'CurrencyConverterTool'.
        CurrencyConverterTool(),
        ^^^^^^^^^^^^^^^^^^^^^
  lib/features/search/domain/services/search_service.dart:163:7: Error: The method 'DictionaryTool' isn't defined for the type 'SearchService'.
   - 'SearchService' is from 'package:searvo/features/search/domain/services/search_service.dart' ('lib/features/search/domain/services/search_service.dart').
  Try correcting the name to the name of an existing method, or defining a method named 'DictionaryTool'.
        DictionaryTool(),
        ^^^^^^^^^^^^^^
  lib/features/search/domain/services/search_service.dart:164:7: Error: The method 'WikipediaTool' isn't defined for the type 'SearchService'.
   - 'SearchService' is from 'package:searvo/features/search/domain/services/search_service.dart' ('lib/features/search/domain/services/search_service.dart').
  Try correcting the name to the name of an existing method, or defining a method named 'WikipediaTool'.
        WikipediaTool(),
        ^^^^^^^^^^^^^
  lib/features/search/domain/services/search_service.dart:165:7: Error: The method 'UnitConverterTool' isn't defined for the type 'SearchService'.
   - 'SearchService' is from 'package:searvo/features/search/domain/services/search_service.dart' ('lib/features/search/domain/services/search_service.dart').
  Try correcting the name to the name of an existing method, or defining a method named 'UnitConverterTool'.
        UnitConverterTool(),
        ^^^^^^^^^^^^^^^^^
  lib/features/search/domain/services/search_service.dart:166:7: Error: The method 'CountryInfoTool' isn't defined for the type 'SearchService'.
   - 'SearchService' is from 'package:searvo/features/search/domain/services/search_service.dart' ('lib/features/search/domain/services/search_service.dart').
  Try correcting the name to the name of an existing method, or defining a method named 'CountryInfoTool'.
        CountryInfoTool(),
        ^^^^^^^^^^^^^^^
  lib/features/search/domain/services/search_service.dart:167:7: Error: The method 'NumbersTool' isn't defined for the type 'SearchService'.
   - 'SearchService' is from 'package:searvo/features/search/domain/services/search_service.dart' ('lib/features/search/domain/services/search_service.dart').
  Try correcting the name to the name of an existing method, or defining a method named 'NumbersTool'.
        NumbersTool(),
        ^^^^^^^^^^^
  lib/features/search/domain/services/search_service.dart:168:7: Error: The method 'HolidayTool' isn't defined for the type 'SearchService'.
   - 'SearchService' is from 'package:searvo/features/search/domain/services/search_service.dart' ('lib/features/search/domain/services/search_service.dart').
  Try correcting the name to the name of an existing method, or defining a method named 'HolidayTool'.
        HolidayTool(),
        ^^^^^^^^^^^
  lib/features/search/domain/services/search_service.dart:169:7: Error: The method 'CryptoPriceTool' isn't defined for the type 'SearchService'.
   - 'SearchService' is from 'package:searvo/features/search/domain/services/search_service.dart' ('lib/features/search/domain/services/search_service.dart').
  Try correcting the name to the name of an existing method, or defining a method named 'CryptoPriceTool'.
        CryptoPriceTool(),
        ^^^^^^^^^^^^^^^
  lib/features/search/domain/services/search_service.dart:170:7: Error: The method 'StockPriceTool' isn't defined for the type 'SearchService'.
   - 'SearchService' is from 'package:searvo/features/search/domain/services/search_service.dart' ('lib/features/search/domain/services/search_service.dart').
  Try correcting the name to the name of an existing method, or defining a method named 'StockPriceTool'.
        StockPriceTool(),
        ^^^^^^^^^^^^^^
  lib/features/search/domain/services/search_service.dart:173:27: Error: The method 'IntentOrchestrator' isn't defined for the type 'SearchService'.
   - 'SearchService' is from 'package:searvo/features/search/domain/services/search_service.dart' ('lib/features/search/domain/services/search_service.dart').
  Try correcting the name to the name of an existing method, or defining a method named 'IntentOrchestrator'.
      _intentOrchestrator = IntentOrchestrator(toolRegistry: _toolRegistry);
                            ^^^^^^^^^^^^^^^^^^
  lib/features/search/domain/services/search_service.dart:174:22: Error: The method 'AgentExecutor' isn't defined for the type 'SearchService'.
   - 'SearchService' is from 'package:searvo/features/search/domain/services/search_service.dart' ('lib/features/search/domain/services/search_service.dart').
  Try correcting the name to the name of an existing method, or defining a method named 'AgentExecutor'.
      _agentExecutor = AgentExecutor(toolRegistry: _toolRegistry);
                       ^^^^^^^^^^^^^
  .

To run this test again: /opt/flutter/bin/cache/dart-sdk/bin/dart test /mnt/workspace/searvo/test/features/search/bloc/search_bloc_test.dart -p vm --plain-name 'loading /mnt/workspace/searvo/test/features/search/bloc/search_bloc_test.dart'
00:11 +97 -1: loading /mnt/workspace/searvo/test/features/search/rag/follow_up_questions_test.dart                                                                                                     00:11 +97 -1: /mnt/workspace/searvo/test/features/search/rag/follow_up_questions_test.dart: Follow-Up Question Generation Should not generate questions with numeric artifacts                         00:11 +97 -1: /mnt/workspace/searvo/test/features/search/rag/follow_up_questions_test.dart: Follow-Up Question Generation Should not generate questions with numeric artifacts                         
🎯 Generating follow-up questions WITHOUT history
   Query: china skull rewrites human evolution
   Context chunks: 1
   Has attachments: false
00:11 +98 -1: /mnt/workspace/searvo/test/features/search/rag/follow_up_questions_test.dart: Follow-Up Question Generation Should not generate questions with numeric artifacts                         00:11 +99 -1: /mnt/workspace/searvo/test/features/search/rag/follow_up_questions_test.dart: Follow-Up Question Generation Should not generate questions with numeric artifacts                         00:11 +100 -1: /mnt/workspace/searvo/test/features/search/rag/follow_up_questions_test.dart: Follow-Up Question Generation Should not generate questions with numeric artifacts                        00:11 +101 -1: /mnt/workspace/searvo/test/features/search/rag/follow_up_questions_test.dart: Follow-Up Question Generation Should not generate questions with numeric artifacts                        00:11 +102 -1: /mnt/workspace/searvo/test/features/search/rag/follow_up_questions_test.dart: Follow-Up Question Generation Should not generate questions with numeric artifacts                        00:11 +103 -1: /mnt/workspace/searvo/test/features/search/rag/follow_up_questions_test.dart: Follow-Up Question Generation Should not generate questions with numeric artifacts                        00:11 +104 -1: /mnt/workspace/searvo/test/features/search/rag/follow_up_questions_test.dart: Follow-Up Question Generation Should not generate questions with numeric artifacts                        00:11 +105 -1: /mnt/workspace/searvo/test/features/search/rag/follow_up_questions_test.dart: Follow-Up Question Generation Should not generate questions with numeric artifacts                        00:11 +106 -1: /mnt/workspace/searvo/test/features/search/rag/follow_up_questions_test.dart: Follow-Up Question Generation Should not generate questions with numeric artifacts                        00:11 +107 -1: /mnt/workspace/searvo/test/features/search/rag/follow_up_questions_test.dart: Follow-Up Question Generation Should not generate questions with numeric artifacts                        00:11 +108 -1: /mnt/workspace/searvo/test/features/search/rag/follow_up_questions_test.dart: Follow-Up Question Generation Should not generate questions with numeric artifacts                        00:11 +109 -1: /mnt/workspace/searvo/test/features/search/rag/follow_up_questions_test.dart: Follow-Up Question Generation Should not generate questions with numeric artifacts                        00:11 +110 -1: /mnt/workspace/searvo/test/features/search/rag/follow_up_questions_test.dart: Follow-Up Question Generation Should not generate questions with numeric artifacts                        00:11 +110 -1: /mnt/workspace/searvo/test/features/search/rag/follow_up_questions_test.dart: Follow-Up Question Generation Should not generate questions with numeric artifacts                        
   Extracted entities: [China, National Museum, Museum Malaysia]
   Extracted topics: [skull, evolution, rewrites human evolution]
00:11 +111 -1: /mnt/workspace/searvo/test/features/search/rag/follow_up_questions_test.dart: Follow-Up Question Generation Should not generate questions with numeric artifacts                        00:11 +112 -1: /mnt/workspace/searvo/test/features/search/rag/follow_up_questions_test.dart: Follow-Up Question Generation Should not generate questions with numeric artifacts                        00:11 +113 -1: /mnt/workspace/searvo/test/features/search/rag/follow_up_questions_test.dart: Follow-Up Question Generation Should not generate questions with numeric artifacts                        00:11 +114 -1: /mnt/workspace/searvo/test/features/search/rag/follow_up_questions_test.dart: Follow-Up Question Generation Should not generate questions with numeric artifacts                        00:11 +115 -1: /mnt/workspace/searvo/test/features/search/rag/follow_up_questions_test.dart: Follow-Up Question Generation Should not generate questions with numeric artifacts                        00:11 +115 -1: /mnt/workspace/searvo/test/features/search/rag/follow_up_questions_test.dart: Follow-Up Question Generation Should not generate questions with numeric artifacts                        
   🎯 Intent scores: discovery:3.5, explanation:0.0, comparison:0.0, current_event:0.0, person:0.0, definition:0.0, procedural:0.0, analytical:0.0
   ✨ Detected intent: discovery (score: 3.5)
00:11 +116 -1: /mnt/workspace/searvo/test/features/search/rag/follow_up_questions_test.dart: Follow-Up Question Generation Should not generate questions with numeric artifacts                        00:11 +117 -1: /mnt/workspace/searvo/test/features/search/rag/follow_up_questions_test.dart: Follow-Up Question Generation Should not generate questions with numeric artifacts                        00:11 +117 -1: /mnt/workspace/searvo/test/features/search/rag/follow_up_questions_test.dart: Follow-Up Question Generation Should not generate questions with numeric artifacts                        
   📊 Content type: general
   🔍 Key findings: {}
   ✅ Generated 4 questions: [What is the broader significance of China in skull research?, How does this discovery compare to previous findings in skull?, What are the broader implications of this China?, How does China compare to National Museum?]
Generated questions:
  - What is the broader significance of China in skull research?
  - How does this discovery compare to previous findings in skull?
  - What are the broader implications of this China?
  - How does China compare to National Museum?
00:11 +118 -1: /mnt/workspace/searvo/test/features/search/rag/follow_up_questions_test.dart: Follow-Up Question Generation Should not generate questions with numeric artifacts                        00:11 +118 -1: /mnt/workspace/searvo/test/features/search/rag/follow_up_questions_test.dart: Follow-Up Question Generation Should generate relevant questions for discovery queries                    00:11 +118 -1: /mnt/workspace/searvo/test/features/search/rag/follow_up_questions_test.dart: Follow-Up Question Generation Should generate relevant questions for discovery queries                    
🎯 Generating follow-up questions WITHOUT history
   Query: china skull rewrites human evolution
   Context chunks: 1
   Has attachments: false
   Extracted entities: [China, China]
   Extracted topics: [skull, evolution, rewrites human evolution]
   🎯 Intent scores: discovery:3.5, explanation:0.0, comparison:0.0, current_event:0.0, person:0.0, definition:0.0, procedural:0.0, analytical:0.0
   ✨ Detected intent: discovery (score: 3.5)
   📊 Content type: general
   🔍 Key findings: {subject: skull, location: China}
   ✅ Generated 4 questions: [What makes this skull discovery scientifically significant?, How does this skull change our understanding of skull?, Why was China significant for this discovery?, What methods did researchers use to analyze China?]
Generated questions for discovery:
  - What makes this skull discovery scientifically significant?
  - How does this skull change our understanding of skull?
  - Why was China significant for this discovery?
  - What methods did researchers use to analyze China?
00:11 +119 -1: /mnt/workspace/searvo/test/features/search/rag/follow_up_questions_test.dart: Follow-Up Question Generation Should generate relevant questions for discovery queries                    00:11 +119 -1: /mnt/workspace/searvo/test/features/search/rag/follow_up_questions_test.dart: Follow-Up Question Generation Should extract entities from query                                          00:11 +119 -1: /mnt/workspace/searvo/test/features/search/rag/follow_up_questions_test.dart: Follow-Up Question Generation Should extract entities from query                                          
🎯 Generating follow-up questions WITHOUT history
   Query: China skull rewrites human evolution
   Context chunks: 1
   Has attachments: false
   Extracted entities: [China, Content]
   Extracted topics: [skull, evolution, rewrites human evolution]
   🎯 Intent scores: discovery:3.5, explanation:0.0, comparison:0.0, current_event:0.0, person:0.0, definition:0.0, procedural:0.0, analytical:0.0
   ✨ Detected intent: discovery (score: 3.5)
   📊 Content type: general
   🔍 Key findings: {}
   ✅ Generated 4 questions: [What is the broader significance of China in skull research?, How does this discovery compare to previous findings in skull?, What are the broader implications of this China?, How does China compare to Content?]
Generated questions with query context:
  - What is the broader significance of China in skull research?
  - How does this discovery compare to previous findings in skull?
  - What are the broader implications of this China?
  - How does China compare to Content?
00:11 +120 -1: /mnt/workspace/searvo/test/features/search/rag/follow_up_questions_test.dart: Follow-Up Question Generation Should extract entities from query                                          00:11 +120 -1: /mnt/workspace/searvo/test/features/search/rag/follow_up_questions_test.dart: Follow-Up Question Generation Should generate different questions for different intents                   00:11 +120 -1: /mnt/workspace/searvo/test/features/search/rag/follow_up_questions_test.dart: Follow-Up Question Generation Should generate different questions for different intents                   
🎯 Generating follow-up questions WITHOUT history
   Query: ancient skull discovered in China
   Context chunks: 1
   Has attachments: false
   Extracted entities: [China, Technology]
   Extracted topics: [skull, ancient skull, ancient]
   🎯 Intent scores: discovery:6.0, explanation:0.0, comparison:0.0, current_event:0.0, person:0.0, definition:0.0, procedural:0.0, analytical:0.0
   ✨ Detected intent: discovery (score: 6.0)
   📊 Content type: general
   🔍 Key findings: {}
   ✅ Generated 4 questions: [What is the broader significance of China in skull research?, How does this discovery compare to previous findings in skull?, What are the broader implications of this China?, How does China compare to Technology?]
🎯 Generating follow-up questions WITHOUT history
   Query: how does human evolution work
   Context chunks: 1
   Has attachments: false
   Extracted entities: [Technology]
   Extracted topics: [evolution, does human evolution, human evolution]
   🎯 Intent scores: discovery:0.0, explanation:6.5, comparison:0.0, current_event:0.0, person:0.0, definition:0.0, procedural:0.0, analytical:0.0
   ✨ Detected intent: explanation (score: 6.5)
   📊 Content type: general
   🔍 Key findings: {}
   ✅ Generated 3 questions: [What are the main factors that influence evolution?, What evidence supports the current understanding of evolution?, How does Technology contribute to evolution?]
Discovery questions:
  - What is the broader significance of China in skull research?
  - How does this discovery compare to previous findings in skull?
  - What are the broader implications of this China?
  - How does China compare to Technology?
Explanation questions:
  - What are the main factors that influence evolution?
  - What evidence supports the current understanding of evolution?
  - How does Technology contribute to evolution?
00:11 +121 -1: /mnt/workspace/searvo/test/features/search/rag/follow_up_questions_test.dart: Follow-Up Question Generation Should generate different questions for different intents                   00:11 +121 -1: /mnt/workspace/searvo/test/features/search/rag/follow_up_questions_test.dart: Follow-Up Question Generation Should handle empty or minimal context gracefully                           00:11 +121 -1: /mnt/workspace/searvo/test/features/search/rag/follow_up_questions_test.dart: Follow-Up Question Generation Should handle empty or minimal context gracefully                           
🎯 Generating follow-up questions WITHOUT history
   Query: what is quantum computing
   Context chunks: 0
   Has attachments: false
   Extracted entities: []
   Extracted topics: [quantum computing, is quantum computing, what]
   🎯 Intent scores: discovery:0.0, explanation:0.0, comparison:0.0, current_event:0.0, person:0.0, definition:4.0, procedural:0.0, analytical:0.0
   ✨ Detected intent: definition (score: 4.0)
   📊 Content type: general
   🔍 Key findings: {}
   ✅ Generated 3 questions: [What are the practical applications of quantum computing?, How is quantum computing different from related concepts?, What are common misconceptions about quantum computing?]
Generated questions with minimal context:
  - What are the practical applications of quantum computing?
  - How is quantum computing different from related concepts?
  - What are common misconceptions about quantum computing?
00:11 +122 -1: /mnt/workspace/searvo/test/features/search/rag/follow_up_questions_test.dart: Follow-Up Question Generation Should handle empty or minimal context gracefully                           00:12 +122 -1: /mnt/workspace/searvo/test/features/search/rag/follow_up_questions_test.dart: Follow-Up Question Generation Should handle empty or minimal context gracefully                           00:12 +122 -1: loading /mnt/workspace/searvo/test/features/search/rag/bloc/rag_cubit_test.dart                                                                                                         00:12 +122 -1: /mnt/workspace/searvo/test/features/search/rag/bloc/rag_cubit_test.dart: RAGState Tests should have correct default values                                                              00:12 +123 -1: /mnt/workspace/searvo/test/features/search/rag/bloc/rag_cubit_test.dart: RAGState Tests should have correct default values                                                              00:12 +123 -1: /mnt/workspace/searvo/test/features/search/rag/bloc/rag_cubit_test.dart: RAGState Tests isAnyProcessing should return false when nothing is processing                                  00:12 +124 -1: /mnt/workspace/searvo/test/features/search/rag/bloc/rag_cubit_test.dart: RAGState Tests isAnyProcessing should return false when nothing is processing                                  00:12 +124 -1: /mnt/workspace/searvo/test/features/search/rag/bloc/rag_cubit_test.dart: RAGCubit Tests initial state should be RAGState with defaults                                                  00:12 +124 -1: /mnt/workspace/searvo/test/features/search/rag/bloc/rag_cubit_test.dart: RAGCubit Tests initial state should be RAGState with defaults                                                  
✅ ScraperManager initialized with 4 specialized scrapers + generic fallback
00:12 +125 -1: /mnt/workspace/searvo/test/features/search/rag/bloc/rag_cubit_test.dart: RAGCubit Tests initial state should be RAGState with defaults                                                  00:12 +125 -1: /mnt/workspace/searvo/test/features/search/rag/bloc/rag_cubit_test.dart: RAGCubit Tests initialize should call orchestrator initialize                                                  00:12 +126 -1: /mnt/workspace/searvo/test/features/search/rag/bloc/rag_cubit_test.dart: RAGCubit Tests initialize should call orchestrator initialize                                                  00:12 +126 -1: /mnt/workspace/searvo/test/features/search/rag/bloc/rag_cubit_test.dart: RAGCubit Tests clearCache should reset state                                                                   00:12 +127 -1: /mnt/workspace/searvo/test/features/search/rag/bloc/rag_cubit_test.dart: RAGCubit Tests clearCache should reset state                                                                   00:12 +127 -1: loading /mnt/workspace/searvo/test/features/search/rag/orchestration/agent_orchestrator_test.dart                                                                                       00:12 +127 -1: /mnt/workspace/searvo/test/features/search/rag/orchestration/agent_orchestrator_test.dart: AgentOrchestrator should execute tools and stream final answer                               00:12 +127 -1: /mnt/workspace/searvo/test/features/search/rag/orchestration/agent_orchestrator_test.dart: AgentOrchestrator should execute tools and stream final answer                               
🔄 Agent Turn 1/3
🛠️ Running tool: Test Tool with input: check
🔄 Agent Turn 2/3
00:12 +128 -1: /mnt/workspace/searvo/test/features/search/rag/orchestration/agent_orchestrator_test.dart: AgentOrchestrator should execute tools and stream final answer                               00:13 +128 -1: /mnt/workspace/searvo/test/features/search/rag/orchestration/agent_orchestrator_test.dart: AgentOrchestrator should execute tools and stream final answer                               00:13 +128 -1: loading /mnt/workspace/searvo/test/features/search/rag/orchestration/prompt_engineer_test.dart                                                                                          00:13 +128 -1: /mnt/workspace/searvo/test/features/search/rag/orchestration/prompt_engineer_test.dart: PromptEngineer Context Integration formatConversationHistory formats messages correctly         00:13 +129 -1: /mnt/workspace/searvo/test/features/search/rag/orchestration/prompt_engineer_test.dart: PromptEngineer Context Integration formatConversationHistory formats messages correctly         00:13 +129 -1: /mnt/workspace/searvo/test/features/search/rag/orchestration/prompt_engineer_test.dart: PromptEngineer Context Integration createUserPrompt includes conversation context               00:13 +130 -1: /mnt/workspace/searvo/test/features/search/rag/orchestration/prompt_engineer_test.dart: PromptEngineer Context Integration createUserPrompt includes conversation context               00:13 +130 -1: loading /mnt/workspace/searvo/test/features/search/services/intent/intent_classifier_test.dart                                                                                          00:13 +130 -1: /mnt/workspace/searvo/test/features/search/services/intent/intent_classifier_test.dart: IntentClassifier classifies general queries correctly                                           00:13 +131 -1: /mnt/workspace/searvo/test/features/search/services/intent/intent_classifier_test.dart: IntentClassifier classifies general queries correctly                                           00:13 +131 -1: /mnt/workspace/searvo/test/features/search/services/intent/intent_classifier_test.dart: IntentClassifier classifies coding queries correctly                                            00:13 +132 -1: /mnt/workspace/searvo/test/features/search/services/intent/intent_classifier_test.dart: IntentClassifier classifies coding queries correctly                                            00:13 +132 -1: /mnt/workspace/searvo/test/features/search/services/intent/intent_classifier_test.dart: IntentClassifier classifies visual queries correctly                                            00:13 +132 -1: /mnt/workspace/searvo/test/features/search/services/intent/intent_classifier_test.dart: IntentClassifier classifies visual queries correctly                                            
DEBUG: Matched Visual
DEBUG: Matched Visual
DEBUG: Matched Visual
00:13 +133 -1: /mnt/workspace/searvo/test/features/search/services/intent/intent_classifier_test.dart: IntentClassifier classifies visual queries correctly                                            00:13 +133 -1: /mnt/workspace/searvo/test/features/search/services/intent/intent_classifier_test.dart: IntentClassifier classifies video queries correctly                                             00:13 +133 -1: /mnt/workspace/searvo/test/features/search/services/intent/intent_classifier_test.dart: IntentClassifier classifies video queries correctly                                             
DEBUG: Matched Visual
DEBUG: Matched Visual
DEBUG: Matched Visual
00:13 +134 -1: /mnt/workspace/searvo/test/features/search/services/intent/intent_classifier_test.dart: IntentClassifier classifies video queries correctly                                             00:13 +134 -1: /mnt/workspace/searvo/test/features/search/services/intent/intent_classifier_test.dart: IntentClassifier classifies shopping queries correctly                                          00:13 +135 -1: /mnt/workspace/searvo/test/features/search/services/intent/intent_classifier_test.dart: IntentClassifier classifies shopping queries correctly                                          00:13 +135 -1: /mnt/workspace/searvo/test/features/search/services/intent/intent_classifier_test.dart: IntentClassifier classifies academic queries correctly                                          00:13 +136 -1: /mnt/workspace/searvo/test/features/search/services/intent/intent_classifier_test.dart: IntentClassifier classifies academic queries correctly                                          00:13 +136 -1: /mnt/workspace/searvo/test/features/search/services/intent/intent_classifier_test.dart: IntentClassifier classifies map/local queries correctly                                         00:13 +137 -1: /mnt/workspace/searvo/test/features/search/services/intent/intent_classifier_test.dart: IntentClassifier classifies map/local queries correctly                                         00:13 +137 -1: Some tests failed.                                                                                                                                                                      
